2024-12-25 10:20:01 - feat: implement core logic
2024-12-25 12:14:01 - fix: resolve dependency conflicts
2024-12-25 19:07:01 - fix: resolve dependency conflicts
2024-12-25 21:36:01 - docs: add comprehensive README
2024-12-29 18:39:01 - feat: add data visualization layer
2024-12-29 21:14:01 - feat: integrate logging and error handling
2024-12-29 15:59:01 - feat: implement core logic
2024-12-29 12:58:01 - feat: implement core logic
2024-12-29 22:21:01 - docs: add comprehensive README
2025-01-09 12:20:01 - feat: integrate logging and error handling
2025-01-16 11:42:01 - feat: implement model evaluation metrics
2025-01-16 19:56:01 - refactor: optimize data loading performance
2025-01-16 21:11:01 - feat: implement core logic
2025-01-17 22:38:01 - fix: resolve dependency conflicts
2025-01-17 19:32:01 - refactor: optimize data loading performance
2025-01-17 13:14:01 - docs: add comprehensive README
2025-01-23 20:42:01 - chore: update requirements.txt
2025-01-28 09:01:01 - fix: resolve dependency conflicts
2025-02-09 14:36:01 - refactor: optimize data loading performance
2025-02-09 14:03:01 - feat: add data visualization layer
2025-02-09 16:49:01 - feat: integrate logging and error handling
2025-02-09 17:35:01 - feat: implement core logic
2025-02-12 19:52:01 - test: add unit tests for model validation
2025-02-12 14:06:01 - feat: add data visualization layer
2025-02-12 20:32:01 - test: add unit tests for model validation
2025-02-12 10:22:01 - docs: document API endpoints
2025-02-15 13:28:01 - feat: implement core logic
2025-02-15 20:08:01 - refactor: optimize data loading performance
2025-02-15 17:16:01 - refactor: optimize data loading performance
2025-02-15 08:29:01 - fix: resolve dependency conflicts
2025-02-20 09:32:01 - refactor: optimize data loading performance
2025-02-21 13:47:01 - fix: resolve dependency conflicts
2025-02-21 21:53:01 - feat: add data visualization layer
2025-02-21 11:01:01 - fix: resolve dependency conflicts
2025-02-21 08:20:01 - chore: update requirements.txt
2025-02-21 14:12:01 - chore: update requirements.txt
2025-02-23 11:05:01 - feat: implement model evaluation metrics
2025-03-02 21:54:01 - refactor: optimize data loading performance
2025-03-02 20:57:01 - feat: implement model evaluation metrics
